// Jest Snapshot v1, https://goo.gl/fbAQLP

exports[`snapshot test Component correctly renders 1`] = `
<div
  id="map"
  style={
    Object {
      "height": "100%",
      "width": "100%",
    }
  }
/>
`;
