// Jest Snapshot v1, https://goo.gl/fbAQLP

exports[`snapshot test Component correctly renders 1`] = `
<div
  className="page "
>
  <main
    className="page__main page__main--favorites "
  >
    <div
      className="page__favorites-container container"
    >
      <section
        className="favorites "
      >
        <h1
          className="visually-hidden"
        >
          Favorites (empty)
        </h1>
        <div
          className="favorites__status-wrapper"
        >
          <b
            className="favorites__status"
          >
            Nothing yet saved.
          </b>
          <p
            className="favorites__status-description"
          >
            Save properties to narrow down search or plan yor future trips.
          </p>
        </div>
      </section>
    </div>
  </main>
</div>
`;
