// Jest Snapshot v1, https://goo.gl/fbAQLP

exports[`snapshot test Component correctly renders 1`] = `
<li
  className="favorites__locations-items"
>
  <div
    className="favorites__locations locations locations--current"
  >
    <div
      className="locations__item"
    >
      <a
        className="locations__item-link"
        href="#"
      >
        <span>
          Amsterdam
        </span>
      </a>
    </div>
  </div>
  <div
    className="favorites__places"
  />
</li>
`;
