// Jest Snapshot v1, https://goo.gl/fbAQLP

exports[`snapshot test Component correctly renders 1`] = `
<header
  className="header"
>
  <div
    className="container"
  >
    <div
      className="header__wrapper"
    >
      <div
        className="header__left"
      />
      <nav
        className="header__nav"
      >
        <ul
          className="header__nav-list"
        >
          <li
            className="header__nav-item user"
          />
        </ul>
      </nav>
    </div>
  </div>
</header>
`;
