// Jest Snapshot v1, https://goo.gl/fbAQLP

exports[`snapshot test Component correctly renders 1`] = `
<li
  className="reviews__item"
>
  <div
    className="reviews__user user"
  >
    <div
      className="reviews__avatar-wrapper user__avatar-wrapper"
    >
      <img
        alt="Reviews avatar"
        className="reviews__avatar user__avatar"
        height={54}
        src="../img/avatar-user.-icon.jpg"
        width={54}
      />
    </div>
    <span
      className="reviews__user-name"
      style={
        Object {
          "textAlign": "center",
        }
      }
    >
      Vitalii
      <br />
      <span
        className="property__user-status"
      >
        Pro
      </span>
    </span>
  </div>
  <div
    className="reviews__info"
  >
    <div
      className="reviews__rating rating"
    >
      <div
        className="reviews__stars rating__stars"
      >
        <span
          style={
            Object {
              "width": "80%",
            }
          }
        />
        <span
          className="visually-hidden"
        >
          Rating
        </span>
      </div>
    </div>
    <p
      className="reviews__text"
    >
      A quiet cozy and picturesque that hides behind a a river by the unique lightness of Amsterdam.
    </p>
    <time
      className="reviews__time"
      dateTime="2019-05-08T14:13:56.569Z"
    >
      May 2019
    </time>
  </div>
</li>
`;
