// Jest Snapshot v1, https://goo.gl/fbAQLP

exports[`snapshot test Component correctly renders 1`] = `
<section
  className="locations container"
  onClick={[Function]}
>
  <ul
    className="locations__list tabs__list"
  >
    <li
      className="locations__item"
    >
      <a
        className="locations__item-link tabs__item tabs__item--active"
        href="#"
      >
        <span>
          Amsterdam
        </span>
      </a>
    </li>
    <li
      className="locations__item"
    >
      <a
        className="locations__item-link tabs__item "
        href="#"
      >
        <span>
          Paris
        </span>
      </a>
    </li>
    <li
      className="locations__item"
    >
      <a
        className="locations__item-link tabs__item "
        href="#"
      >
        <span>
          Brussels
        </span>
      </a>
    </li>
    <li
      className="locations__item"
    >
      <a
        className="locations__item-link tabs__item "
        href="#"
      >
        <span>
          Hamburg
        </span>
      </a>
    </li>
    <li
      className="locations__item"
    >
      <a
        className="locations__item-link tabs__item "
        href="#"
      >
        <span>
          Dusseldorf
        </span>
      </a>
    </li>
  </ul>
</section>
`;
